---
source: crates/wesl-test/tests/testsuite.rs
expression: res.syntax.to_string()
---
@group(2) @binding(2)
var base_color_sampler: sampler;

@group(2) @binding(1)
var base_color_texture: texture_2d<f32>;

@group(2) @binding(0)
var<uniform> material_color: vec4<f32>;

struct bevy_sprite__2mesh2d_vertex_output_VertexOutput {
    @builtin(position)
    position: vec4<f32>,
    @location(0)
    world_position: vec4<f32>,
    @location(1)
    world_normal: vec3<f32>,
    @location(2)
    uv: vec2<f32>
}

@fragment
fn fragment(mesh: bevy_sprite__2mesh2d_vertex_output_VertexOutput) -> @location(0) vec4<f32> {
    return material_color * textureSample(base_color_texture, base_color_sampler, mesh.uv) * vec4(1f, 1f, 1f, 0.5f);
}
