---
source: crates/wesl-test/tests/testsuite.rs
expression: res.syntax.to_string()
---
@vertex
fn main(@builtin(vertex_index) VertexIndex: u32) -> @builtin(position) vec4<f32> {
    var pos: array<vec2<f32>, 3> = array(vec2(0f, 0.5f), vec2(-0.5f, -0.5f), vec2(0.5f, -0.5f));
    return vec4<f32>(pos[VertexIndex], 0.0, 1.0);
}
