---
source: crates/wesl-test/tests/testsuite.rs
expression: res.syntax.to_string()
---
@group(0) @binding(0)
var<storage, read> storage_array: binding_array<Foo, 1>;

@group(0) @binding(10)
var<uniform> uni: UniformIndex;

struct Foo {
    x: u32,
    far: array<i32>
}

struct FragmentIn {
    @location(0)
    index: u32
}

struct UniformIndex {
    index: u32
}

@fragment
fn main(fragment_in: FragmentIn) -> @location(0) u32 {
    let uniform_index: u32 = uni.index;
    let non_uniform_index: u32 = fragment_in.index;
    var u1: u32 = 0u;
    u1 += storage_array[0].x;
    u1 += storage_array[uniform_index].x;
    u1 += storage_array[non_uniform_index].x;
    u1 += arrayLength(&storage_array[0].far);
    u1 += arrayLength(&storage_array[uniform_index].far);
    u1 += arrayLength(&storage_array[non_uniform_index].far);
    return u1;
}
