---
source: crates/wesl-test/tests/testsuite.rs
expression: res.syntax.to_string()
---
@binding(1) @group(0)
var<storage, read_write> data: Particles;

var<private> rand_seed: vec2<f32>;

@binding(0) @group(0)
var<uniform> render_params: RenderParams;

@binding(0) @group(0)
var<uniform> sim_params: SimulationParams;

@binding(2) @group(0)
var texture: texture_2d<f32>;

struct Particle {
    position: vec3<f32>,
    lifetime: f32,
    color: vec4<f32>,
    velocity: vec3<f32>
}

struct Particles {
    particles: array<Particle>
}

struct RenderParams {
    modelViewProjectionMatrix: mat4x4<f32>,
    right: vec3<f32>,
    up: vec3<f32>
}

struct SimulationParams {
    deltaTime: f32,
    brightnessFactor: f32,
    seed: vec4<f32>
}

struct VertexInput {
    @location(0)
    position: vec3<f32>,
    @location(1)
    color: vec4<f32>,
    @location(2)
    quad_pos: vec2<f32>
}

struct VertexOutput {
    @builtin(position)
    position: vec4<f32>,
    @location(0)
    color: vec4<f32>,
    @location(1)
    quad_pos: vec2<f32>
}

@fragment
fn fs_main(in: VertexOutput) -> @location(0) vec4<f32> {
    var color: vec4<f32> = in.color;
    color.a = color.a * max(1.0 - length(in.quad_pos), 0.0);
    return color;
}

fn init_rand(invocation_id: u32, seed: vec4<f32>) {
    rand_seed = seed.xz;
    rand_seed = fract(rand_seed * cos(35.456 + f32(invocation_id) * seed.yw));
    rand_seed = fract(rand_seed * cos(41.235 + f32(invocation_id) * seed.xw));
}

fn rand() -> f32 {
    rand_seed.x = fract(cos(dot(rand_seed, vec2(23.14078f, 232.6169f))) * 136.8168);
    rand_seed.y = fract(cos(dot(rand_seed, vec2(54.478565f, 345.84152f))) * 534.7645);
    return rand_seed.y;
}

@compute @workgroup_size(64)
fn simulate(@builtin(global_invocation_id) global_invocation_id: vec3<u32>) {
    let idx: u32 = global_invocation_id.x;
    init_rand(idx, sim_params.seed);
    var particle: Particle = data.particles[idx];
    particle.velocity.z = particle.velocity.z - sim_params.deltaTime * 0.5;
    particle.position = particle.position + sim_params.deltaTime * particle.velocity;
    particle.lifetime = particle.lifetime - sim_params.deltaTime;
    particle.color.a = smoothstep(0.0, 0.5, particle.lifetime);
    if (particle.lifetime < 0.0) {
        var coord: vec2<i32>;
        for (var level: u32 = u32(textureNumLevels(texture) - 1); level > 0; level--) {
            let probabilites: vec4<f32> = textureLoad(texture, coord, level);
            let value: vec4<f32> = vec4<f32>(rand());
            let mask: vec4<bool> = (value >= vec4<f32>(0.0, probabilites.xyz)) & (value < probabilites);
            coord = coord * 2;
            coord.x = coord.x + select(0, 1, any(mask.yw));
            coord.y = coord.y + select(0, 1, any(mask.zw));
        }
        let uv: vec2<f32> = vec2<f32>(coord) / vec2<f32>(textureDimensions(texture));
        particle.position = vec3<f32>((uv - 0.5) * 3.0 * vec2(1f, -1f), 0.0);
        particle.color = textureLoad(texture, coord, 0);
        particle.color.r *= sim_params.brightnessFactor;
        particle.color.g *= sim_params.brightnessFactor;
        particle.color.b *= sim_params.brightnessFactor;
        particle.velocity.x = (rand() - 0.5) * 0.1;
        particle.velocity.y = (rand() - 0.5) * 0.1;
        particle.velocity.z = rand() * 0.3;
        particle.lifetime = 0.5 + rand() * 3.0;
    }
    data.particles[idx] = particle;
}

@vertex
fn vs_main(in: VertexInput) -> VertexOutput {
    var quad_pos: vec3<f32> = mat2x3<f32>(render_params.right, render_params.up) * in.quad_pos;
    var position: vec3<f32> = in.position + quad_pos * 0.01;
    var out: VertexOutput;
    out.position = render_params.modelViewProjectionMatrix * vec4<f32>(position, 1.0);
    out.color = in.color;
    out.quad_pos = in.quad_pos;
    return out;
}
