---
source: crates/wesl-test/tests/testsuite.rs
expression: res.syntax.to_string()
---
@group(0) @binding(1)
var<storage, read_write> storage_atomic_arr: array<atomic<f32>, 2>;

@group(0) @binding(0)
var<storage, read_write> storage_atomic_scalar: atomic<f32>;

@group(0) @binding(2)
var<storage, read_write> storage_struct: Struct;

struct Struct {
    atomic_scalar: atomic<f32>,
    atomic_arr: array<atomic<f32>, 2>
}

@compute @workgroup_size(2)
fn cs_main(@builtin(local_invocation_id) id: vec3<u32>) {
    atomicStore(&storage_atomic_scalar, 1.5);
    atomicStore(&storage_atomic_arr[1], 1.5);
    atomicStore(&storage_struct.atomic_scalar, 1.5);
    atomicStore(&storage_struct.atomic_arr[1], 1.5);
    workgroupBarrier();
    let l0: f32 = atomicLoad(&storage_atomic_scalar);
    let l1: f32 = atomicLoad(&storage_atomic_arr[1]);
    let l2: f32 = atomicLoad(&storage_struct.atomic_scalar);
    let l3: f32 = atomicLoad(&storage_struct.atomic_arr[1]);
    workgroupBarrier();
    atomicAdd(&storage_atomic_scalar, 1.5);
    atomicAdd(&storage_atomic_arr[1], 1.5);
    atomicAdd(&storage_struct.atomic_scalar, 1.5);
    atomicAdd(&storage_struct.atomic_arr[1], 1.5);
    workgroupBarrier();
    atomicExchange(&storage_atomic_scalar, 1.5);
    atomicExchange(&storage_atomic_arr[1], 1.5);
    atomicExchange(&storage_struct.atomic_scalar, 1.5);
    atomicExchange(&storage_struct.atomic_arr[1], 1.5);
}
