---
source: crates/wesl-test/tests/testsuite.rs
expression: res.syntax.to_string()
---
var<private> o_Target: vec4<f32>;

struct FragmentOutput_1 {
    @location(0)
    o_Target: vec4<f32>
}

@fragment
fn main() -> FragmentOutput_1 {
    main_1();
    let _e1: vec4<f32> = o_Target;
    return FragmentOutput_1(_e1);
}

fn main_1() {
    o_Target = vec4(0f, 0f, 0f, 0f);
    return;
}
