---
source: crates/wesl-test/tests/testsuite.rs
expression: res.syntax.to_string()
---
struct Vertex {
    @location(0)
    position: vec3<f32>,
    @location(1)
    color: vec3<f32>
}

struct VertexOutput {
    @builtin(position)
    clip_position: vec4<f32>,
    @location(0)
    color: vec3<f32>
}

@fragment
fn fragment(vertex_output: VertexOutput) -> @location(0) vec4<f32> {
    return vec4(vertex_output.color, 1.0);
}

@vertex
fn vertex(vertex: Vertex) -> VertexOutput {
    var vertex_output: VertexOutput;
    vertex_output.clip_position = vec4(vertex.position.xyz, 1.0);
    vertex_output.color = vertex.color;
    return vertex_output;
}
