---
source: crates/wesl-test/tests/testsuite.rs
expression: res.syntax.to_string()
---
@group(0) @binding(0)
var<uniform> binding: f32;

fn five() -> i32 {
    return 5i;
}

@compute @workgroup_size(1)
fn main(@builtin(global_invocation_id) id: vec3<u32>) {
    _ = binding;
    _ = binding;
    let a: i32 = 5;
    _ = a;
    _ = 5i;
    let b: i32 = 5i;
    let phony: f32 = binding;
}
