---
source: crates/wesl-test/tests/testsuite.rs
expression: res.syntax.to_string()
---
@compute @workgroup_size(1)
fn main() {
    var g0x: i32 = 1;
    var g2x: f32 = 1.0;
    var g7x: mat2x2<f32> = mat2x2(1.0, 1.0, 1.0, 1.0);
    var c0x: i32 = 1;
    var c1x: u32 = 1u;
    var c2x: f32 = 1.0;
    var c3x: f32 = 1f;
    var c4x: vec4<i32> = vec4(0i, 0i, 0i, 0i);
    var c5x: vec4<i32> = vec4(1i, 1i, 1i, 1i);
    var c6x: mat2x2<f32> = mat2x2(0f, 0f, 0f, 0f);
    var c7x: mat2x2<f32> = mat2x2(1.0, 1.0, 1.0, 1.0);
    let l0: i32 = 1;
    let l1: u32 = 1u;
    let l2: f32 = 1.0;
    let l3: f32 = 1f;
    let l4: vec4<i32> = vec4(0i, 0i, 0i, 0i);
    let l5: vec4<i32> = vec4(1i, 1i, 1i, 1i);
    let l6: mat2x2<f32> = mat2x2(0f, 0f, 0f, 0f);
    let l7: mat2x2<f32> = mat2x2(1.0, 1.0, 1.0, 1.0);
    var l0x: i32 = l0;
    var l1x: u32 = l1;
    var l2x: f32 = l2;
    var l3x: f32 = l3;
    var l4x: vec4<i32> = l4;
    var v0: i32 = 1;
    var v1: u32 = 1u;
    var v2: f32 = 1.0;
    var v3: f32 = 1f;
    var v4: vec4<i32> = vec4(0i, 0i, 0i, 0i);
    var v5: vec4<i32> = vec4(1i, 1i, 1i, 1i);
    var v6: mat2x2<f32> = mat2x2(0f, 0f, 0f, 0f);
    var v7: mat2x2<f32> = mat2x2(1.0, 1.0, 1.0, 1.0);
}
